// Jest Snapshot v1, https://goo.gl/fbAQLP

exports[`should render correctly 1`] = `
<div
  className="row"
>
  <div
    className="col-md-3 cursor-pointer text-center"
    onClick={[Function]}
    onKeyPress={[Function]}
    role="link"
    tabIndex={0}
  >
    <img
      alt="file1"
      className="thumbnail"
      src="/videos/file1.mp4.jpg"
    />
    file1
  </div>
  <div
    className="col-md-3 cursor-pointer text-center"
    onClick={[Function]}
    onKeyPress={[Function]}
    role="link"
    tabIndex={0}
  >
    <img
      alt="file2"
      className="thumbnail"
      src="/videos/file2.mp4.jpg"
    />
    file2
  </div>
  <div
    className="col-md-3 cursor-pointer text-center"
    onClick={[Function]}
    onKeyPress={[Function]}
    role="link"
    tabIndex={0}
  >
    <img
      alt="file3"
      className="thumbnail"
      src="/videos/file3.mp4.jpg"
    />
    file3
  </div>
</div>
`;
